Microchip MPLAB XC8 Compiler V2.32

Linker command line:

-W-3 --edf=/Applications/microchip/xc8/v2.32/pic/dat/en_msgs.txt -cn \
  -h+dist/default/production/220102.X.production.sym \
  --cmf=dist/default/production/220102.X.production.cmf -z -Q16F18325 \
  -o/tmp/xcSmS8xig --defsym=__MPLAB_BUILD=1 \
  -Mdist/default/production/220102.X.production.map -E1 -ver=XC8 Compiler \
  --acfsm=1493 -ASTACK=0209Dh-023EFh -pstack=STACK -ACODE=00h-07FFhx4 \
  -ASTRCODE=00h-01FFFh -ASTRING=00h-0FFhx32 -ACONST=00h-0FFhx32 \
  -AENTRY=00h-0FFhx32 -ACOMMON=070h-07Fh -ABANK0=020h-06Fh \
  -ABANK1=0A0h-0EFh -ABANK2=0120h-016Fh -ABANK3=01A0h-01EFh \
  -ABANK4=0220h-026Fh -ABANK5=02A0h-02EFh -ABANK6=0320h-036Fh \
  -ABANK7=03A0h-03EFh -ABANK8=0420h-046Fh -ABANK9=04A0h-04EFh \
  -ABANK10=0520h-056Fh -ABANK11=05A0h-05EFh -ABANK12=0620h-064Fh \
  -ABIGRAM=02000h-023EFh \
  -ARAM=020h-06Fh,0A0h-0EFh,0120h-016Fh,01A0h-01EFh,0220h-026Fh,02A0h-02EFh,0320h-036Fh,03A0h-03EFh,0420h-046Fh,04A0h-04EFh,0520h-056Fh,05A0h-05EFh,0620h-064Fh \
  -AABS1=020h-07Fh,0A0h-0EFh,0120h-016Fh,01A0h-01EFh,0220h-026Fh,02A0h-02EFh,0320h-036Fh,03A0h-03EFh,0420h-046Fh,04A0h-04EFh,0520h-056Fh,05A0h-05EFh,0620h-064Fh \
  -ASFR0=00h-01Fh -ASFR1=080h-09Fh -ASFR2=0100h-011Fh -ASFR3=0180h-019Fh \
  -ASFR4=0200h-021Fh -ASFR5=0280h-029Fh -ASFR6=0300h-031Fh \
  -ASFR7=0380h-039Fh -ASFR8=0400h-041Fh -ASFR9=0480h-049Fh \
  -ASFR10=0500h-051Fh -ASFR11=0580h-059Fh -ASFR12=0600h-061Fh \
  -ASFR13=0680h-06EFh -ASFR14=0700h-076Fh -ASFR15=0780h-07EFh \
  -ASFR16=0800h-086Fh -ASFR17=0880h-08EFh -ASFR18=0900h-096Fh \
  -ASFR19=0980h-09EFh -ASFR20=0A00h-0A6Fh -ASFR21=0A80h-0AEFh \
  -ASFR22=0B00h-0B6Fh -ASFR23=0B80h-0BEFh -ASFR24=0C00h-0C6Fh \
  -ASFR25=0C80h-0CEFh -ASFR26=0D00h-0D6Fh -ASFR27=0D80h-0DEFh \
  -ASFR28=0E00h-0E6Fh -ASFR29=0E80h-0EEFh -ASFR30=0F00h-0F6Fh \
  -ASFR31=0F80h-0FEFh -ACONFIG=08007h-0800Ah -DCONFIG=2 \
  -AIDLOC=08000h-08003h -DIDLOC=2 -AEEDATA=00h-0FFh/0F000h \
  -peeprom_data=EEDATA -DEEDATA=2 -DCODE=2 -DSTRCODE=2 -DSTRING=2 -DCONST=2 \
  -DENTRY=2 -preset_vec=00h,intentry=04h,init,end_init -ppowerup=CODE \
  -pcinit=CODE -pfunctab=ENTRY -k /tmp/xc9AiFOkl.o \
  dist/default/production/220102.X.production.o 

Object code version is 3.11

Machine type is 16F18325



                Name                               Link     Load   Length Selector   Space Scale
/tmp/xc9AiFOkl.o
                end_init                             2E       2E        2        8       0
                reset_vec                             0        0        2        0       0
                config                             8007     8007        4        0       4
dist/default/production/220102.X.production.o
                cinit                                30       30       14        8       0
                intentry                              4        4       2A        8       0
                config                             8007     8007        4        0       4
                text19                              3FD      3FD       21        8       0
                text18                              486      486        4      8B4       0
                text17                              48A      48A        1      8B4       0
                text16                              482      482        4      8B4       0
                text15                              355      355       39        8       0
                text14                              3DB      3DB       22        8       0
                text12                              38E      38E       29        8       0
                text11                              478      478        6      8B4       0
                text10                              472      472        6      8B4       0
                text9                               46C      46C        6      8B4       0
                text8                               466      466        6      8B4       0
                text7                               460      460        6      8B4       0
                text6                               316      316       3F        8       0
                text5                               442      442        9      864       0
                text4                               3B7      3B7       24        8       0
                text3                               44B      44B        8      864       0
                text2                               47E      47E        4      8B4       0
                text1                               432      432       10      864       0
                maintext                             44       44      2D2        8       0
                cstackBANK0                          2C       2C        2       20       1
                cstackCOMMON                         78       78        4       70       1
                cstackBANK1                          A0       A0       43       A0       1
                clrtext                             45A      45A        6      8B4       0
                bssBANK0                             20       20        C       20       1
                bssCOMMON                            70       70        8       70       1
                nvBANK1                              E3       E3        A       A0       1
                nvBANK0                              2E       2E        1       20       1
                stringtext2                         453      453        7      8A6       0
                stringtext1                         41E      41E       14      83C       0

TOTAL           Name                               Link     Load   Length     Space
        CLASS   STACK          

        CLASS   CODE           
                end_init                             2E       2E        2         0
                cinit                                30       30       14         0
                intentry                              4        4       2A         0
                reset_vec                             0        0        2         0
                text19                              3FD      3FD       21         0
                text18                              486      486        4         0
                text17                              48A      48A        1         0
                text16                              482      482        4         0
                text15                              355      355       39         0
                text14                              3DB      3DB       22         0
                text12                              38E      38E       29         0
                text11                              478      478        6         0
                text10                              472      472        6         0
                text9                               46C      46C        6         0
                text8                               466      466        6         0
                text7                               460      460        6         0
                text6                               316      316       3F         0
                text5                               442      442        9         0
                text4                               3B7      3B7       24         0
                text3                               44B      44B        8         0
                text2                               47E      47E        4         0
                text1                               432      432       10         0
                maintext                             44       44      2D2         0
                clrtext                             45A      45A        6         0

        CLASS   STRCODE        
                stringtext2                         453      453        7         0
                stringtext1                         41E      41E       14         0

        CLASS   STRING         

        CLASS   CONST          

        CLASS   ENTRY          

        CLASS   COMMON         
                cstackCOMMON                         78       78        4         1
                bssCOMMON                            70       70        8         1

        CLASS   BANK0          
                cstackBANK0                          2C       2C        2         1
                bssBANK0                             20       20        C         1
                nvBANK0                              2E       2E        1         1

        CLASS   BANK1          
                cstackBANK1                          A0       A0       43         1
                nvBANK1                              E3       E3        A         1

        CLASS   BANK2          

        CLASS   BANK3          

        CLASS   BANK4          

        CLASS   BANK5          

        CLASS   BANK6          

        CLASS   BANK7          

        CLASS   BANK8          

        CLASS   BANK9          

        CLASS   BANK10         

        CLASS   BANK11         

        CLASS   BANK12         

        CLASS   BIGRAM         

        CLASS   RAM            

        CLASS   ABS1           
                abs_s1                               7E       7E        2         1

        CLASS   SFR0           

        CLASS   SFR1           

        CLASS   SFR2           

        CLASS   SFR3           

        CLASS   SFR4           

        CLASS   SFR5           

        CLASS   SFR6           

        CLASS   SFR7           

        CLASS   SFR8           

        CLASS   SFR9           

        CLASS   SFR10          

        CLASS   SFR11          

        CLASS   SFR12          

        CLASS   SFR13          

        CLASS   SFR14          

        CLASS   SFR15          

        CLASS   SFR16          

        CLASS   SFR17          

        CLASS   SFR18          

        CLASS   SFR19          

        CLASS   SFR20          

        CLASS   SFR21          

        CLASS   SFR22          

        CLASS   SFR23          

        CLASS   SFR24          

        CLASS   SFR25          

        CLASS   SFR26          

        CLASS   SFR27          

        CLASS   SFR28          

        CLASS   SFR29          

        CLASS   SFR30          

        CLASS   SFR31          

        CLASS   CONFIG         
                config                             8007     8007        4         4

        CLASS   IDLOC          

        CLASS   EEDATA         

        CLASS   BANK31         

        CLASS   BANK30         

        CLASS   BANK29         

        CLASS   BANK28         

        CLASS   BANK27         

        CLASS   BANK26         

        CLASS   BANK25         

        CLASS   BANK24         

        CLASS   BANK23         

        CLASS   BANK22         

        CLASS   BANK21         

        CLASS   BANK20         

        CLASS   BANK19         

        CLASS   BANK18         

        CLASS   BANK17         

        CLASS   BANK16         

        CLASS   BANK15         

        CLASS   BANK14         

        CLASS   BANK13         



SEGMENTS        Name                           Load    Length   Top    Selector   Space  Class     Delta

                reset_vec                      000000  000002  000002         0       0  CODE        2
                stringtext1                    00041E  000014  000432       83C       0  STRCODE     2
                text1                          000432  000021  000453       864       0  CODE        2
                clrtext                        00045A  000031  00048B       8B4       0  CODE        2
                stringtext2                    000453  000007  00045A       8A6       0  STRCODE     2
                cstackBANK1                    0000A0  00004D  0000ED        A0       1  BANK1       1
                bssCOMMON                      000070  00000C  00007C        70       1  COMMON      1
                intentry                       000004  00041A  00041E         8       0  CODE        2
                bssBANK0                       000020  00000F  00002F        20       1  BANK0       1


UNUSED ADDRESS RANGES

        Name                Unused          Largest block    Delta
        BANK0            0002F-0006F              41           1
        BANK1            000ED-000EF               3           1
        BANK10           00520-0056F              50           1
        BANK11           005A0-005EF              50           1
        BANK12           00620-0064F              30           1
        BANK2            00120-0016F              50           1
        BANK3            001A0-001EF              50           1
        BANK4            00220-0026F              50           1
        BANK5            002A0-002EF              50           1
        BANK6            00320-0036F              50           1
        BANK7            003A0-003EF              50           1
        BANK8            00420-0046F              50           1
        BANK9            004A0-004EF              50           1
        BIGRAM           02000-023EF             3F0           1
        CODE             00002-00003               2           2
                         0048B-01FFF             800
        COMMON           0007C-0007D               2           1
        CONST            00002-00003               2           2
                         0048B-01FFF             100
        EEDATA           0F000-0F0FF             100           2
        ENTRY            00002-00003               2           2
                         0048B-01FFF             100
        IDLOC            08000-08003               4           2
        RAM              0002F-0006F              41           1
                         000ED-000EF               3
                         00120-0016F              50
                         001A0-001EF              50
                         00220-0026F              50
                         002A0-002EF              50
                         00320-0036F              50
                         003A0-003EF              50
                         00420-0046F              50
                         004A0-004EF              50
                         00520-0056F              50
                         005A0-005EF              50
                         00620-0064F              30
        SFR0             00000-0001F              20           1
        SFR1             00080-0009F              20           1
        SFR10            00500-0051F              20           1
        SFR11            00580-0059F              20           1
        SFR12            00600-0061F              20           1
        SFR13            00680-006EF              70           1
        SFR14            00700-0076F              70           1
        SFR15            00780-007EF              70           1
        SFR16            00800-0086F              70           1
        SFR17            00880-008EF              70           1
        SFR18            00900-0096F              70           1
        SFR19            00980-009EF              70           1
        SFR2             00100-0011F              20           1
        SFR20            00A00-00A6F              70           1
        SFR21            00A80-00AEF              70           1
        SFR22            00B00-00B6F              70           1
        SFR23            00B80-00BEF              70           1
        SFR24            00C00-00C6F              70           1
        SFR25            00C80-00CEF              70           1
        SFR26            00D00-00D6F              70           1
        SFR27            00D80-00DEF              70           1
        SFR28            00E00-00E6F              70           1
        SFR29            00E80-00EEF              70           1
        SFR3             00180-0019F              20           1
        SFR30            00F00-00F6F              70           1
        SFR31            00F80-00FEF              70           1
        SFR4             00200-0021F              20           1
        SFR5             00280-0029F              20           1
        SFR6             00300-0031F              20           1
        SFR7             00380-0039F              20           1
        SFR8             00400-0041F              20           1
        SFR9             00480-0049F              20           1
        STACK            0209D-023EF             353           1
        STRCODE          00002-00003               2           2
                         0048B-01FFF            1B75
        STRING           00002-00003               2           2
                         0048B-01FFF             100

                                  Symbol Table

EUSART_SetErrorHandler@interruptHandler        cstackCOMMON 00079
EUSART_SetFramingErrorHandler@interruptHandler cstackCOMMON 00079
EUSART_SetOverrunErrorHandler@interruptHandler cstackCOMMON 00079
EUSART_SetRxInterruptHandler@interruptHandler  cstackCOMMON 00079
EUSART_SetTxInterruptHandler@interruptHandler  cstackCOMMON 00079
EUSART_Write@txData                            cstackCOMMON 00079
_ANSELA                                        (abs)        0018C
_ANSELC                                        (abs)        0018E
_BAUD1CON                                      (abs)        0019F
_EUSART_DefaultErrorHandler                    text18       00486
_EUSART_DefaultFramingErrorHandler             text17       0048A
_EUSART_DefaultOverrunErrorHandler             text16       00482
_EUSART_ErrorHandler                           nvBANK1      000E3
_EUSART_FramingErrorHandler                    nvBANK1      000E7
_EUSART_Initialize                             text6        00316
_EUSART_OverrunErrorHandler                    nvBANK1      000E5
_EUSART_Read                                   (abs)        00000
_EUSART_Receive_ISR                            text15       00355
_EUSART_RxDataHandler                          text19       003FD
_EUSART_RxDefaultInterruptHandler              nvBANK1      000E9
_EUSART_SetErrorHandler                        text11       00478
_EUSART_SetFramingErrorHandler                 text10       00472
_EUSART_SetOverrunErrorHandler                 text9        0046C
_EUSART_SetRxInterruptHandler                  text8        00466
_EUSART_SetTxInterruptHandler                  text7        00460
_EUSART_Transmit_ISR                           text14       003DB
_EUSART_TxDefaultInterruptHandler              nvBANK1      000EB
_EUSART_Write                                  text12       0038E
_EUSART_is_rx_ready                            (abs)        00000
_EUSART_is_tx_done                             (abs)        00000
_EUSART_is_tx_ready                            (abs)        00000
_INLVLA                                        (abs)        0038C
_INLVLC                                        (abs)        0038E
_INTCONbits                                    (abs)        0000B
_INTERRUPT_InterruptManager                    intentry     00004
_LATA                                          (abs)        0010C
_LATC                                          (abs)        0010E
_ODCONA                                        (abs)        0028C
_ODCONC                                        (abs)        0028E
_OSCCON1                                       (abs)        00919
_OSCCON3                                       (abs)        0091B
_OSCEN                                         (abs)        0091D
_OSCFRQ                                        (abs)        0091F
_OSCILLATOR_Initialize                         text5        00442
_OSCTUNE                                       (abs)        0091E
_PIE1bits                                      (abs)        00091
_PIN_MANAGER_Initialize                        text4        003B7
_PIR1bits                                      (abs)        00011
_PMD0                                          (abs)        00911
_PMD1                                          (abs)        00912
_PMD2                                          (abs)        00913
_PMD3                                          (abs)        00914
_PMD4                                          (abs)        00915
_PMD5                                          (abs)        00916
_PMD_Initialize                                text3        0044B
_RC1REG                                        (abs)        00199
_RC1STA                                        (abs)        0019D
_RC1STAbits                                    (abs)        0019D
_RC4PPS                                        (abs)        00EA4
_RXPPS                                         (abs)        00E24
_SLRCONA                                       (abs)        0030C
_SLRCONC                                       (abs)        0030E
_SP1BRGH                                       (abs)        0019C
_SP1BRGL                                       (abs)        0019B
_SYSTEM_Initialize                             text1        00432
_TRISA                                         (abs)        0008C
_TRISC                                         (abs)        0008E
_TX1REG                                        (abs)        0019A
_TX1STA                                        (abs)        0019E
_TX1STAbits                                    (abs)        0019E
_WDTCON                                        (abs)        00097
_WDT_Initialize                                text2        0047E
_WPUA                                          (abs)        0020C
_WPUC                                          (abs)        0020E
__Habs1                                        abs1         00000
__Hbank0                                       bank0        00000
__Hbank1                                       bank1        00000
__Hbank10                                      bank10       00000
__Hbank11                                      bank11       00000
__Hbank12                                      bank12       00000
__Hbank13                                      bank13       00000
__Hbank14                                      bank14       00000
__Hbank15                                      bank15       00000
__Hbank16                                      bank16       00000
__Hbank17                                      bank17       00000
__Hbank18                                      bank18       00000
__Hbank19                                      bank19       00000
__Hbank2                                       bank2        00000
__Hbank20                                      bank20       00000
__Hbank21                                      bank21       00000
__Hbank22                                      bank22       00000
__Hbank23                                      bank23       00000
__Hbank24                                      bank24       00000
__Hbank25                                      bank25       00000
__Hbank26                                      bank26       00000
__Hbank27                                      bank27       00000
__Hbank28                                      bank28       00000
__Hbank29                                      bank29       00000
__Hbank3                                       bank3        00000
__Hbank30                                      bank30       00000
__Hbank31                                      bank31       00000
__Hbank4                                       bank4        00000
__Hbank5                                       bank5        00000
__Hbank6                                       bank6        00000
__Hbank7                                       bank7        00000
__Hbank8                                       bank8        00000
__Hbank9                                       bank9        00000
__Hbigram                                      bigram       00000
__HbssBANK0                                    bssBANK0     00000
__HbssCOMMON                                   bssCOMMON    00000
__Hcinit                                       cinit        00044
__Hclrtext                                     clrtext      00000
__Hcode                                        code         00000
__Hcommon                                      common       00000
__Hconfig                                      config       0800B
__HcstackBANK0                                 cstackBANK0  00000
__HcstackBANK1                                 cstackBANK1  00000
__HcstackCOMMON                                cstackCOMMON 00000
__Heeprom_data                                 eeprom_data  00000
__Hend_init                                    end_init     00030
__Hfunctab                                     functab      00000
__Hinit                                        init         0002E
__Hintentry                                    intentry     0002E
__Hmaintext                                    maintext     00000
__HnvBANK0                                     nvBANK0      00000
__HnvBANK1                                     nvBANK1      00000
__Hpowerup                                     powerup      00000
__Hram                                         ram          00000
__Hreset_vec                                   reset_vec    00002
__Hsfr0                                        sfr0         00000
__Hsfr1                                        sfr1         00000
__Hsfr10                                       sfr10        00000
__Hsfr11                                       sfr11        00000
__Hsfr12                                       sfr12        00000
__Hsfr13                                       sfr13        00000
__Hsfr14                                       sfr14        00000
__Hsfr15                                       sfr15        00000
__Hsfr16                                       sfr16        00000
__Hsfr17                                       sfr17        00000
__Hsfr18                                       sfr18        00000
__Hsfr19                                       sfr19        00000
__Hsfr2                                        sfr2         00000
__Hsfr20                                       sfr20        00000
__Hsfr21                                       sfr21        00000
__Hsfr22                                       sfr22        00000
__Hsfr23                                       sfr23        00000
__Hsfr24                                       sfr24        00000
__Hsfr25                                       sfr25        00000
__Hsfr26                                       sfr26        00000
__Hsfr27                                       sfr27        00000
__Hsfr28                                       sfr28        00000
__Hsfr29                                       sfr29        00000
__Hsfr3                                        sfr3         00000
__Hsfr30                                       sfr30        00000
__Hsfr31                                       sfr31        00000
__Hsfr4                                        sfr4         00000
__Hsfr5                                        sfr5         00000
__Hsfr6                                        sfr6         00000
__Hsfr7                                        sfr7         00000
__Hsfr8                                        sfr8         00000
__Hsfr9                                        sfr9         00000
__Hspace_0                                     (abs)        0048B
__Hspace_1                                     (abs)        000ED
__Hspace_2                                     (abs)        00000
__Hspace_3                                     (abs)        00000
__Hspace_4                                     (abs)        10012
__Hstack                                       stack        00000
__Hstrings                                     strings      00000
__Hstringtext1                                 stringtext1  00000
__Hstringtext2                                 stringtext2  00000
__Htext                                        text         00000
__Labs1                                        abs1         00000
__Lbank0                                       bank0        00000
__Lbank1                                       bank1        00000
__Lbank10                                      bank10       00000
__Lbank11                                      bank11       00000
__Lbank12                                      bank12       00000
__Lbank13                                      bank13       00000
__Lbank14                                      bank14       00000
__Lbank15                                      bank15       00000
__Lbank16                                      bank16       00000
__Lbank17                                      bank17       00000
__Lbank18                                      bank18       00000
__Lbank19                                      bank19       00000
__Lbank2                                       bank2        00000
__Lbank20                                      bank20       00000
__Lbank21                                      bank21       00000
__Lbank22                                      bank22       00000
__Lbank23                                      bank23       00000
__Lbank24                                      bank24       00000
__Lbank25                                      bank25       00000
__Lbank26                                      bank26       00000
__Lbank27                                      bank27       00000
__Lbank28                                      bank28       00000
__Lbank29                                      bank29       00000
__Lbank3                                       bank3        00000
__Lbank30                                      bank30       00000
__Lbank31                                      bank31       00000
__Lbank4                                       bank4        00000
__Lbank5                                       bank5        00000
__Lbank6                                       bank6        00000
__Lbank7                                       bank7        00000
__Lbank8                                       bank8        00000
__Lbank9                                       bank9        00000
__Lbigram                                      bigram       00000
__LbssBANK0                                    bssBANK0     00000
__LbssCOMMON                                   bssCOMMON    00000
__Lcinit                                       cinit        00030
__Lclrtext                                     clrtext      00000
__Lcode                                        code         00000
__Lcommon                                      common       00000
__Lconfig                                      config       00000
__LcstackBANK0                                 cstackBANK0  00000
__LcstackBANK1                                 cstackBANK1  00000
__LcstackCOMMON                                cstackCOMMON 00000
__Leeprom_data                                 eeprom_data  00000
__Lend_init                                    end_init     0002E
__Lfunctab                                     functab      00000
__Linit                                        init         0002E
__Lintentry                                    intentry     00004
__Lmaintext                                    maintext     00000
__LnvBANK0                                     nvBANK0      00000
__LnvBANK1                                     nvBANK1      00000
__Lpowerup                                     powerup      00000
__Lram                                         ram          00000
__Lreset_vec                                   reset_vec    00000
__Lsfr0                                        sfr0         00000
__Lsfr1                                        sfr1         00000
__Lsfr10                                       sfr10        00000
__Lsfr11                                       sfr11        00000
__Lsfr12                                       sfr12        00000
__Lsfr13                                       sfr13        00000
__Lsfr14                                       sfr14        00000
__Lsfr15                                       sfr15        00000
__Lsfr16                                       sfr16        00000
__Lsfr17                                       sfr17        00000
__Lsfr18                                       sfr18        00000
__Lsfr19                                       sfr19        00000
__Lsfr2                                        sfr2         00000
__Lsfr20                                       sfr20        00000
__Lsfr21                                       sfr21        00000
__Lsfr22                                       sfr22        00000
__Lsfr23                                       sfr23        00000
__Lsfr24                                       sfr24        00000
__Lsfr25                                       sfr25        00000
__Lsfr26                                       sfr26        00000
__Lsfr27                                       sfr27        00000
__Lsfr28                                       sfr28        00000
__Lsfr29                                       sfr29        00000
__Lsfr3                                        sfr3         00000
__Lsfr30                                       sfr30        00000
__Lsfr31                                       sfr31        00000
__Lsfr4                                        sfr4         00000
__Lsfr5                                        sfr5         00000
__Lsfr6                                        sfr6         00000
__Lsfr7                                        sfr7         00000
__Lsfr8                                        sfr8         00000
__Lsfr9                                        sfr9         00000
__Lspace_0                                     (abs)        00000
__Lspace_1                                     (abs)        00000
__Lspace_2                                     (abs)        00000
__Lspace_3                                     (abs)        00000
__Lspace_4                                     (abs)        00000
__Lstack                                       stack        00000
__Lstrings                                     strings      00000
__Lstringtext1                                 stringtext1  00000
__Lstringtext2                                 stringtext2  00000
__Ltext                                        text         00000
__S0                                           (abs)        0048B
__S1                                           (abs)        000ED
__S2                                           (abs)        00000
__S3                                           (abs)        00000
___int_sp                                      stack        00000
___latbits                                     (abs)        00002
___sp                                          stack        00000
___stackhi                                     (abs)        023EF
___stacklo                                     (abs)        0209D
__end_of_EUSART_DefaultErrorHandler            text18       0048A
__end_of_EUSART_DefaultFramingErrorHandler     text17       0048B
__end_of_EUSART_DefaultOverrunErrorHandler     text16       00486
__end_of_EUSART_Initialize                     text6        00355
__end_of_EUSART_Receive_ISR                    text15       0038E
__end_of_EUSART_RxDataHandler                  text19       0041E
__end_of_EUSART_SetErrorHandler                text11       0047E
__end_of_EUSART_SetFramingErrorHandler         text10       00478
__end_of_EUSART_SetOverrunErrorHandler         text9        00472
__end_of_EUSART_SetRxInterruptHandler          text8        0046C
__end_of_EUSART_SetTxInterruptHandler          text7        00466
__end_of_EUSART_Transmit_ISR                   text14       003FD
__end_of_EUSART_Write                          text12       003B7
__end_of_INTERRUPT_InterruptManager            intentry     0002E
__end_of_OSCILLATOR_Initialize                 text5        0044B
__end_of_PIN_MANAGER_Initialize                text4        003DB
__end_of_PMD_Initialize                        text3        00453
__end_of_SYSTEM_Initialize                     text1        00442
__end_of_WDT_Initialize                        text2        00482
__end_of__initialization                       cinit        00040
__end_of_main                                  maintext     00316
__end_of_uart                                  stringtext1  00432
__end_ofmain@header_g                          stringtext2  0045A
__initialization                               cinit        00030
__pbssBANK0                                    bssBANK0     00020
__pbssCOMMON                                   bssCOMMON    00070
__pcstackBANK0                                 cstackBANK0  0002C
__pcstackBANK1                                 cstackBANK1  000A0
__pcstackCOMMON                                cstackCOMMON 00078
__pintentry                                    intentry     00004
__pmaintext                                    maintext     00044
__pnvBANK0                                     nvBANK0      0002E
__pnvBANK1                                     nvBANK1      000E3
__pstringtext1                                 stringtext1  0041E
__pstringtext2                                 stringtext2  00453
__ptext1                                       text1        00432
__ptext10                                      text10       00472
__ptext11                                      text11       00478
__ptext12                                      text12       0038E
__ptext14                                      text14       003DB
__ptext15                                      text15       00355
__ptext16                                      text16       00482
__ptext17                                      text17       0048A
__ptext18                                      text18       00486
__ptext19                                      text19       003FD
__ptext2                                       text2        0047E
__ptext3                                       text3        0044B
__ptext4                                       text4        003B7
__ptext5                                       text5        00442
__ptext6                                       text6        00316
__ptext7                                       text7        00460
__ptext8                                       text8        00466
__ptext9                                       text9        0046C
__size_of_EUSART_DefaultErrorHandler           (abs)        00000
__size_of_EUSART_DefaultFramingErrorHandler    (abs)        00000
__size_of_EUSART_DefaultOverrunErrorHandler    (abs)        00000
__size_of_EUSART_Initialize                    (abs)        00000
__size_of_EUSART_Receive_ISR                   (abs)        00000
__size_of_EUSART_RxDataHandler                 (abs)        00000
__size_of_EUSART_SetErrorHandler               (abs)        00000
__size_of_EUSART_SetFramingErrorHandler        (abs)        00000
__size_of_EUSART_SetOverrunErrorHandler        (abs)        00000
__size_of_EUSART_SetRxInterruptHandler         (abs)        00000
__size_of_EUSART_SetTxInterruptHandler         (abs)        00000
__size_of_EUSART_Transmit_ISR                  (abs)        00000
__size_of_EUSART_Write                         (abs)        00000
__size_of_INTERRUPT_InterruptManager           (abs)        00000
__size_of_OSCILLATOR_Initialize                (abs)        00000
__size_of_PIN_MANAGER_Initialize               (abs)        00000
__size_of_PMD_Initialize                       (abs)        00000
__size_of_SYSTEM_Initialize                    (abs)        00000
__size_of_WDT_Initialize                       (abs)        00000
__size_of_main                                 (abs)        00000
_dollarFlag                                    bssBANK0     0002A
_eusartRxBuffer                                bssCOMMON    00072
_eusartRxCount                                 bssCOMMON    00070
_eusartRxHead                                  bssCOMMON    00074
_eusartRxLastError                             bssBANK0     00028
_eusartRxStatusBuffer                          bssCOMMON    00071
_eusartRxTail                                  bssCOMMON    00073
_eusartTxBuffer                                bssBANK0     00020
_eusartTxBufferRemaining                       nvBANK0      0002E
_eusartTxHead                                  bssCOMMON    00076
_eusartTxTail                                  bssCOMMON    00075
_main                                          maintext     00044
_parserFlag                                    bssCOMMON    00077
_rxData                                        bssBANK0     00029
_uartFlag                                      bssBANK0     0002B
btemp                                          (abs)        0007E
clear_ram0                                     clrtext      0045A
end_of_initialization                          cinit        00040
int$flags                                      (abs)        0007E
intlevel0                                      functab      00000
intlevel1                                      functab      00000
intlevel2                                      functab      00000
intlevel3                                      functab      00000
intlevel4                                      functab      00000
intlevel5                                      functab      00000
main@cpos                                      cstackBANK1  000D2
main@ewSize                                    cstackBANK1  000CF
main@ew_go                                     cstackBANK1  000D8
main@ewpos                                     cstackBANK1  000DB
main@fpos                                      cstackBANK1  000E2
main@g_ok                                      cstackBANK1  000D3
main@gnggaSize                                 cstackBANK1  000D9
main@header_g                                  stringtext2  00453
main@i                                         cstackBANK1  000C2
main@i_507                                     cstackBANK1  000C4
main@i_508                                     cstackBANK1  000C6
main@i_509                                     cstackBANK1  000C8
main@i_510                                     cstackBANK1  000CA
main@i_511                                     cstackBANK1  000CC
main@latSize                                   cstackBANK1  000DD
main@lat_go                                    cstackBANK1  000D5
main@latpos                                    cstackBANK1  000E0
main@longSize                                  cstackBANK1  000DE
main@long_go                                   cstackBANK1  000D6
main@longpos                                   cstackBANK1  000E1
main@nsSize                                    cstackBANK1  000CE
main@ns_go                                     cstackBANK1  000D7
main@nspos                                     cstackBANK1  000DA
main@rx_ew                                     cstackBANK1  000D1
main@rx_gps                                    cstackBANK1  000A0
main@rx_lat                                    cstackBANK1  000AF
main@rx_long                                   cstackBANK1  000B8
main@rx_ns                                     cstackBANK1  000D0
main@rx_time                                   cstackBANK1  000A6
main@timeSize                                  cstackBANK1  000DC
main@time_go                                   cstackBANK1  000D4
main@timepos                                   cstackBANK1  000DF
reset_vec                                      reset_vec    00000
start                                          init         0002E
start_initialization                           cinit        00030
wtemp0                                         (abs)        0007E


MODULE INFORMATION

Module		Function		Class		Link	Load	Size
mcc_generated_files/interrupt_manager.c
		_INTERRUPT_InterruptManager		CODE           	0004	0000	42

mcc_generated_files/interrupt_manager.c estimated size: 42

mcc_generated_files/pin_manager.c
		_PIN_MANAGER_Initialize		CODE           	03B7	0000	36

mcc_generated_files/pin_manager.c estimated size: 36

shared
		main@header_g  		STRCODE        	0453	0000	7
		_uart          		STRCODE        	0000	0000	0
		__initialization		CODE           	0030	0000	16

shared estimated size: 23

mcc_generated_files/mcc.c
		_WDT_Initialize		CODE           	047E	0000	4
		_PMD_Initialize		CODE           	044B	0000	8
		_OSCILLATOR_Initialize		CODE           	0442	0000	9
		_SYSTEM_Initialize		CODE           	0432	0000	16

mcc_generated_files/mcc.c estimated size: 37

mcc_generated_files/eusart.c
		_EUSART_SetRxInterruptHandler		CODE           	0466	0000	6
		_EUSART_SetTxInterruptHandler		CODE           	0460	0000	6
		_EUSART_DefaultOverrunErrorHandler		CODE           	0482	0000	4
		_EUSART_Write  		CODE           	038E	0000	41
		_EUSART_DefaultErrorHandler		CODE           	0486	0000	4
		_EUSART_Transmit_ISR		CODE           	03DB	0000	34
		_EUSART_Initialize		CODE           	0316	0000	63
		_EUSART_SetFramingErrorHandler		CODE           	0472	0000	6
		_EUSART_SetErrorHandler		CODE           	0478	0000	6
		_EUSART_SetOverrunErrorHandler		CODE           	046C	0000	6
		_EUSART_Receive_ISR		CODE           	0355	0000	57
		_EUSART_RxDataHandler		CODE           	03FD	0000	33
		_EUSART_DefaultFramingErrorHandler		CODE           	048A	0000	1

mcc_generated_files/eusart.c estimated size: 267

main.c
		_main          		CODE           	0044	0000	722

main.c estimated size: 722

