Microchip MPLAB XC8 Compiler V2.32

Linker command line:

-W-3 --edf=/Applications/microchip/xc8/v2.32/pic/dat/en_msgs.txt -cn \
  -h+dist/default/production/Final.X.production.sym \
  --cmf=dist/default/production/Final.X.production.cmf -z -Q16F18325 \
  -o/tmp/xc0waGEmc --defsym=__MPLAB_BUILD=1 \
  -Mdist/default/production/Final.X.production.map -E1 -ver=XC8 Compiler \
  --acfsm=1493 -ASTACK=02099h-023EFh -pstack=STACK -ACODE=00h-07FFhx4 \
  -ASTRCODE=00h-01FFFh -ASTRING=00h-0FFhx32 -ACONST=00h-0FFhx32 \
  -AENTRY=00h-0FFhx32 -ACOMMON=070h-07Fh -ABANK0=020h-06Fh \
  -ABANK1=0A0h-0EFh -ABANK2=0120h-016Fh -ABANK3=01A0h-01EFh \
  -ABANK4=0220h-026Fh -ABANK5=02A0h-02EFh -ABANK6=0320h-036Fh \
  -ABANK7=03A0h-03EFh -ABANK8=0420h-046Fh -ABANK9=04A0h-04EFh \
  -ABANK10=0520h-056Fh -ABANK11=05A0h-05EFh -ABANK12=0620h-064Fh \
  -ABIGRAM=02000h-023EFh \
  -ARAM=020h-06Fh,0A0h-0EFh,0120h-016Fh,01A0h-01EFh,0220h-026Fh,02A0h-02EFh,0320h-036Fh,03A0h-03EFh,0420h-046Fh,04A0h-04EFh,0520h-056Fh,05A0h-05EFh,0620h-064Fh \
  -AABS1=020h-07Fh,0A0h-0EFh,0120h-016Fh,01A0h-01EFh,0220h-026Fh,02A0h-02EFh,0320h-036Fh,03A0h-03EFh,0420h-046Fh,04A0h-04EFh,0520h-056Fh,05A0h-05EFh,0620h-064Fh \
  -ASFR0=00h-01Fh -ASFR1=080h-09Fh -ASFR2=0100h-011Fh -ASFR3=0180h-019Fh \
  -ASFR4=0200h-021Fh -ASFR5=0280h-029Fh -ASFR6=0300h-031Fh \
  -ASFR7=0380h-039Fh -ASFR8=0400h-041Fh -ASFR9=0480h-049Fh \
  -ASFR10=0500h-051Fh -ASFR11=0580h-059Fh -ASFR12=0600h-061Fh \
  -ASFR13=0680h-06EFh -ASFR14=0700h-076Fh -ASFR15=0780h-07EFh \
  -ASFR16=0800h-086Fh -ASFR17=0880h-08EFh -ASFR18=0900h-096Fh \
  -ASFR19=0980h-09EFh -ASFR20=0A00h-0A6Fh -ASFR21=0A80h-0AEFh \
  -ASFR22=0B00h-0B6Fh -ASFR23=0B80h-0BEFh -ASFR24=0C00h-0C6Fh \
  -ASFR25=0C80h-0CEFh -ASFR26=0D00h-0D6Fh -ASFR27=0D80h-0DEFh \
  -ASFR28=0E00h-0E6Fh -ASFR29=0E80h-0EEFh -ASFR30=0F00h-0F6Fh \
  -ASFR31=0F80h-0FEFh -ACONFIG=08007h-0800Ah -DCONFIG=2 \
  -AIDLOC=08000h-08003h -DIDLOC=2 -AEEDATA=00h-0FFh/0F000h \
  -peeprom_data=EEDATA -DEEDATA=2 -DCODE=2 -DSTRCODE=2 -DSTRING=2 -DCONST=2 \
  -DENTRY=2 -preset_vec=00h,intentry=04h,init,end_init -ppowerup=CODE \
  -pcinit=CODE -pfunctab=ENTRY -k /tmp/xcidvIJNp.o \
  dist/default/production/Final.X.production.o 

Object code version is 3.11

Machine type is 16F18325



                Name                               Link     Load   Length Selector   Space Scale
/tmp/xcidvIJNp.o
                end_init                             2D       2D        2        8       0
                reset_vec                             0        0        2        0       0
                config                             8007     8007        4        0       4
dist/default/production/Final.X.production.o
                cinit                                2F       2F       14        8       0
                intentry                              4        4       29        8       0
                config                             8007     8007        4        0       4
                text19                              398      398       21        8       0
                text18                              40D      40D        4      7C2       0
                text17                              411      411        1      7C2       0
                text16                              409      409        4      7C2       0
                text15                              2EF      2EF       39        8       0
                text14                              376      376       22        8       0
                text12                              328      328       2A        8       0
                text11                              3FF      3FF        6      7C2       0
                text10                              3F9      3F9        6      7C2       0
                text9                               3F3      3F3        6      7C2       0
                text8                               3ED      3ED        6      7C2       0
                text7                               3E7      3E7        6      7C2       0
                text6                               2B0      2B0       3F        8       0
                text5                               3C9      3C9        9        8       0
                text4                               352      352       24        8       0
                text3                               3D2      3D2        8        8       0
                text2                               405      405        4      7C2       0
                text1                               3B9      3B9       10        8       0
                maintext                             43       43      26D        8       0
                cstackBANK0                          2F       2F        2       20       1
                cstackCOMMON                         78       78        4       70       1
                cstackBANK1                          A0       A0       41       A0       1
                clrtext                             3E1      3E1        6      7C2       0
                bssBANK0                             20       20        C       20       1
                bssCOMMON                            70       70        8       70       1
                nvBANK1                              E1       E1        8       A0       1
                nvBANK0                              2C       2C        3       20       1
                stringtext1                         3DA      3DA        7      7B4       0

TOTAL           Name                               Link     Load   Length     Space
        CLASS   STACK          

        CLASS   CODE           
                end_init                             2D       2D        2         0
                cinit                                2F       2F       14         0
                intentry                              4        4       29         0
                reset_vec                             0        0        2         0
                text19                              398      398       21         0
                text18                              40D      40D        4         0
                text17                              411      411        1         0
                text16                              409      409        4         0
                text15                              2EF      2EF       39         0
                text14                              376      376       22         0
                text12                              328      328       2A         0
                text11                              3FF      3FF        6         0
                text10                              3F9      3F9        6         0
                text9                               3F3      3F3        6         0
                text8                               3ED      3ED        6         0
                text7                               3E7      3E7        6         0
                text6                               2B0      2B0       3F         0
                text5                               3C9      3C9        9         0
                text4                               352      352       24         0
                text3                               3D2      3D2        8         0
                text2                               405      405        4         0
                text1                               3B9      3B9       10         0
                maintext                             43       43      26D         0
                clrtext                             3E1      3E1        6         0

        CLASS   STRCODE        
                stringtext1                         3DA      3DA        7         0

        CLASS   STRING         

        CLASS   CONST          

        CLASS   ENTRY          

        CLASS   COMMON         
                cstackCOMMON                         78       78        4         1
                bssCOMMON                            70       70        8         1

        CLASS   BANK0          
                cstackBANK0                          2F       2F        2         1
                bssBANK0                             20       20        C         1
                nvBANK0                              2C       2C        3         1

        CLASS   BANK1          
                cstackBANK1                          A0       A0       41         1
                nvBANK1                              E1       E1        8         1

        CLASS   BANK2          

        CLASS   BANK3          

        CLASS   BANK4          

        CLASS   BANK5          

        CLASS   BANK6          

        CLASS   BANK7          

        CLASS   BANK8          

        CLASS   BANK9          

        CLASS   BANK10         

        CLASS   BANK11         

        CLASS   BANK12         

        CLASS   BIGRAM         

        CLASS   RAM            

        CLASS   ABS1           
                abs_s1                               7E       7E        2         1

        CLASS   SFR0           

        CLASS   SFR1           

        CLASS   SFR2           

        CLASS   SFR3           

        CLASS   SFR4           

        CLASS   SFR5           

        CLASS   SFR6           

        CLASS   SFR7           

        CLASS   SFR8           

        CLASS   SFR9           

        CLASS   SFR10          

        CLASS   SFR11          

        CLASS   SFR12          

        CLASS   SFR13          

        CLASS   SFR14          

        CLASS   SFR15          

        CLASS   SFR16          

        CLASS   SFR17          

        CLASS   SFR18          

        CLASS   SFR19          

        CLASS   SFR20          

        CLASS   SFR21          

        CLASS   SFR22          

        CLASS   SFR23          

        CLASS   SFR24          

        CLASS   SFR25          

        CLASS   SFR26          

        CLASS   SFR27          

        CLASS   SFR28          

        CLASS   SFR29          

        CLASS   SFR30          

        CLASS   SFR31          

        CLASS   CONFIG         
                config                             8007     8007        4         4

        CLASS   IDLOC          

        CLASS   EEDATA         

        CLASS   BANK31         

        CLASS   BANK30         

        CLASS   BANK29         

        CLASS   BANK28         

        CLASS   BANK27         

        CLASS   BANK26         

        CLASS   BANK25         

        CLASS   BANK24         

        CLASS   BANK23         

        CLASS   BANK22         

        CLASS   BANK21         

        CLASS   BANK20         

        CLASS   BANK19         

        CLASS   BANK18         

        CLASS   BANK17         

        CLASS   BANK16         

        CLASS   BANK15         

        CLASS   BANK14         

        CLASS   BANK13         



SEGMENTS        Name                           Load    Length   Top    Selector   Space  Class     Delta

                reset_vec                      000000  000002  000002         0       0  CODE        2
                clrtext                        0003E1  000031  000412       7C2       0  CODE        2
                stringtext1                    0003DA  000007  0003E1       7B4       0  STRCODE     2
                bssCOMMON                      000070  00000C  00007C        70       1  COMMON      1
                intentry                       000004  0003D6  0003DA         8       0  CODE        2
                cstackBANK1                    0000A0  000049  0000E9        A0       1  BANK1       1
                bssBANK0                       000020  000011  000031        20       1  BANK0       1


UNUSED ADDRESS RANGES

        Name                Unused          Largest block    Delta
        BANK0            00031-0006F              3F           1
        BANK1            000E9-000EF               7           1
        BANK10           00520-0056F              50           1
        BANK11           005A0-005EF              50           1
        BANK12           00620-0064F              30           1
        BANK2            00120-0016F              50           1
        BANK3            001A0-001EF              50           1
        BANK4            00220-0026F              50           1
        BANK5            002A0-002EF              50           1
        BANK6            00320-0036F              50           1
        BANK7            003A0-003EF              50           1
        BANK8            00420-0046F              50           1
        BANK9            004A0-004EF              50           1
        BIGRAM           02000-023EF             3F0           1
        CODE             00002-00003               2           2
                         00412-01FFF             800
        COMMON           0007C-0007D               2           1
        CONST            00002-00003               2           2
                         00412-01FFF             100
        EEDATA           0F000-0F0FF             100           2
        ENTRY            00002-00003               2           2
                         00412-01FFF             100
        IDLOC            08000-08003               4           2
        RAM              00031-0006F              3F           1
                         000E9-000EF               7
                         00120-0016F              50
                         001A0-001EF              50
                         00220-0026F              50
                         002A0-002EF              50
                         00320-0036F              50
                         003A0-003EF              50
                         00420-0046F              50
                         004A0-004EF              50
                         00520-0056F              50
                         005A0-005EF              50
                         00620-0064F              30
        SFR0             00000-0001F              20           1
        SFR1             00080-0009F              20           1
        SFR10            00500-0051F              20           1
        SFR11            00580-0059F              20           1
        SFR12            00600-0061F              20           1
        SFR13            00680-006EF              70           1
        SFR14            00700-0076F              70           1
        SFR15            00780-007EF              70           1
        SFR16            00800-0086F              70           1
        SFR17            00880-008EF              70           1
        SFR18            00900-0096F              70           1
        SFR19            00980-009EF              70           1
        SFR2             00100-0011F              20           1
        SFR20            00A00-00A6F              70           1
        SFR21            00A80-00AEF              70           1
        SFR22            00B00-00B6F              70           1
        SFR23            00B80-00BEF              70           1
        SFR24            00C00-00C6F              70           1
        SFR25            00C80-00CEF              70           1
        SFR26            00D00-00D6F              70           1
        SFR27            00D80-00DEF              70           1
        SFR28            00E00-00E6F              70           1
        SFR29            00E80-00EEF              70           1
        SFR3             00180-0019F              20           1
        SFR30            00F00-00F6F              70           1
        SFR31            00F80-00FEF              70           1
        SFR4             00200-0021F              20           1
        SFR5             00280-0029F              20           1
        SFR6             00300-0031F              20           1
        SFR7             00380-0039F              20           1
        SFR8             00400-0041F              20           1
        SFR9             00480-0049F              20           1
        STACK            02099-023EF             357           1
        STRCODE          00002-00003               2           2
                         00412-01FFF            1BEE
        STRING           00002-00003               2           2
                         00412-01FFF             100

                                  Symbol Table

EUSART_SetErrorHandler@interruptHandler        cstackCOMMON 00079
EUSART_SetFramingErrorHandler@interruptHandler cstackCOMMON 00079
EUSART_SetOverrunErrorHandler@interruptHandler cstackCOMMON 00079
EUSART_SetRxInterruptHandler@interruptHandler  cstackCOMMON 00079
EUSART_SetTxInterruptHandler@interruptHandler  cstackCOMMON 00079
EUSART_Write@txData                            cstackCOMMON 0007A
_ANSELA                                        (abs)        0018C
_ANSELC                                        (abs)        0018E
_BAUD1CON                                      (abs)        0019F
_EUSART_DefaultErrorHandler                    text18       0040D
_EUSART_DefaultFramingErrorHandler             text17       00411
_EUSART_DefaultOverrunErrorHandler             text16       00409
_EUSART_ErrorHandler                           nvBANK1      000E1
_EUSART_FramingErrorHandler                    nvBANK1      000E5
_EUSART_Initialize                             text6        002B0
_EUSART_OverrunErrorHandler                    nvBANK1      000E3
_EUSART_Receive_ISR                            text15       002EF
_EUSART_RxDataHandler                          text19       00398
_EUSART_RxDefaultInterruptHandler              nvBANK1      000E7
_EUSART_SetErrorHandler                        text11       003FF
_EUSART_SetFramingErrorHandler                 text10       003F9
_EUSART_SetOverrunErrorHandler                 text9        003F3
_EUSART_SetRxInterruptHandler                  text8        003ED
_EUSART_SetTxInterruptHandler                  text7        003E7
_EUSART_Transmit_ISR                           text14       00376
_EUSART_TxDefaultInterruptHandler              nvBANK0      0002C
_EUSART_Write                                  text12       00328
_INLVLA                                        (abs)        0038C
_INLVLC                                        (abs)        0038E
_INTCONbits                                    (abs)        0000B
_INTERRUPT_InterruptManager                    intentry     00004
_LATA                                          (abs)        0010C
_LATC                                          (abs)        0010E
_ODCONA                                        (abs)        0028C
_ODCONC                                        (abs)        0028E
_OSCCON1                                       (abs)        00919
_OSCCON3                                       (abs)        0091B
_OSCEN                                         (abs)        0091D
_OSCFRQ                                        (abs)        0091F
_OSCILLATOR_Initialize                         text5        003C9
_OSCTUNE                                       (abs)        0091E
_PIE1bits                                      (abs)        00091
_PIN_MANAGER_Initialize                        text4        00352
_PIR1bits                                      (abs)        00011
_PMD0                                          (abs)        00911
_PMD1                                          (abs)        00912
_PMD2                                          (abs)        00913
_PMD3                                          (abs)        00914
_PMD4                                          (abs)        00915
_PMD5                                          (abs)        00916
_PMD_Initialize                                text3        003D2
_RC1REG                                        (abs)        00199
_RC1STA                                        (abs)        0019D
_RC1STAbits                                    (abs)        0019D
_RC4PPS                                        (abs)        00EA4
_RXPPS                                         (abs)        00E24
_SLRCONA                                       (abs)        0030C
_SLRCONC                                       (abs)        0030E
_SP1BRGH                                       (abs)        0019C
_SP1BRGL                                       (abs)        0019B
_SYSTEM_Initialize                             text1        003B9
_TRISA                                         (abs)        0008C
_TRISC                                         (abs)        0008E
_TX1REG                                        (abs)        0019A
_TX1STA                                        (abs)        0019E
_TX1STAbits                                    (abs)        0019E
_WDTCON                                        (abs)        00097
_WDT_Initialize                                text2        00405
_WPUA                                          (abs)        0020C
_WPUC                                          (abs)        0020E
__Habs1                                        abs1         00000
__Hbank0                                       bank0        00000
__Hbank1                                       bank1        00000
__Hbank10                                      bank10       00000
__Hbank11                                      bank11       00000
__Hbank12                                      bank12       00000
__Hbank13                                      bank13       00000
__Hbank14                                      bank14       00000
__Hbank15                                      bank15       00000
__Hbank16                                      bank16       00000
__Hbank17                                      bank17       00000
__Hbank18                                      bank18       00000
__Hbank19                                      bank19       00000
__Hbank2                                       bank2        00000
__Hbank20                                      bank20       00000
__Hbank21                                      bank21       00000
__Hbank22                                      bank22       00000
__Hbank23                                      bank23       00000
__Hbank24                                      bank24       00000
__Hbank25                                      bank25       00000
__Hbank26                                      bank26       00000
__Hbank27                                      bank27       00000
__Hbank28                                      bank28       00000
__Hbank29                                      bank29       00000
__Hbank3                                       bank3        00000
__Hbank30                                      bank30       00000
__Hbank31                                      bank31       00000
__Hbank4                                       bank4        00000
__Hbank5                                       bank5        00000
__Hbank6                                       bank6        00000
__Hbank7                                       bank7        00000
__Hbank8                                       bank8        00000
__Hbank9                                       bank9        00000
__Hbigram                                      bigram       00000
__HbssBANK0                                    bssBANK0     00000
__HbssCOMMON                                   bssCOMMON    00000
__Hcinit                                       cinit        00043
__Hclrtext                                     clrtext      00000
__Hcode                                        code         00000
__Hcommon                                      common       00000
__Hconfig                                      config       0800B
__HcstackBANK0                                 cstackBANK0  00000
__HcstackBANK1                                 cstackBANK1  00000
__HcstackCOMMON                                cstackCOMMON 00000
__Heeprom_data                                 eeprom_data  00000
__Hend_init                                    end_init     0002F
__Hfunctab                                     functab      00000
__Hinit                                        init         0002D
__Hintentry                                    intentry     0002D
__Hmaintext                                    maintext     00000
__HnvBANK0                                     nvBANK0      00000
__HnvBANK1                                     nvBANK1      00000
__Hpowerup                                     powerup      00000
__Hram                                         ram          00000
__Hreset_vec                                   reset_vec    00002
__Hsfr0                                        sfr0         00000
__Hsfr1                                        sfr1         00000
__Hsfr10                                       sfr10        00000
__Hsfr11                                       sfr11        00000
__Hsfr12                                       sfr12        00000
__Hsfr13                                       sfr13        00000
__Hsfr14                                       sfr14        00000
__Hsfr15                                       sfr15        00000
__Hsfr16                                       sfr16        00000
__Hsfr17                                       sfr17        00000
__Hsfr18                                       sfr18        00000
__Hsfr19                                       sfr19        00000
__Hsfr2                                        sfr2         00000
__Hsfr20                                       sfr20        00000
__Hsfr21                                       sfr21        00000
__Hsfr22                                       sfr22        00000
__Hsfr23                                       sfr23        00000
__Hsfr24                                       sfr24        00000
__Hsfr25                                       sfr25        00000
__Hsfr26                                       sfr26        00000
__Hsfr27                                       sfr27        00000
__Hsfr28                                       sfr28        00000
__Hsfr29                                       sfr29        00000
__Hsfr3                                        sfr3         00000
__Hsfr30                                       sfr30        00000
__Hsfr31                                       sfr31        00000
__Hsfr4                                        sfr4         00000
__Hsfr5                                        sfr5         00000
__Hsfr6                                        sfr6         00000
__Hsfr7                                        sfr7         00000
__Hsfr8                                        sfr8         00000
__Hsfr9                                        sfr9         00000
__Hspace_0                                     (abs)        00412
__Hspace_1                                     (abs)        000E9
__Hspace_2                                     (abs)        00000
__Hspace_3                                     (abs)        00000
__Hspace_4                                     (abs)        10012
__Hstack                                       stack        00000
__Hstrings                                     strings      00000
__Hstringtext1                                 stringtext1  00000
__Htext                                        text         00000
__Labs1                                        abs1         00000
__Lbank0                                       bank0        00000
__Lbank1                                       bank1        00000
__Lbank10                                      bank10       00000
__Lbank11                                      bank11       00000
__Lbank12                                      bank12       00000
__Lbank13                                      bank13       00000
__Lbank14                                      bank14       00000
__Lbank15                                      bank15       00000
__Lbank16                                      bank16       00000
__Lbank17                                      bank17       00000
__Lbank18                                      bank18       00000
__Lbank19                                      bank19       00000
__Lbank2                                       bank2        00000
__Lbank20                                      bank20       00000
__Lbank21                                      bank21       00000
__Lbank22                                      bank22       00000
__Lbank23                                      bank23       00000
__Lbank24                                      bank24       00000
__Lbank25                                      bank25       00000
__Lbank26                                      bank26       00000
__Lbank27                                      bank27       00000
__Lbank28                                      bank28       00000
__Lbank29                                      bank29       00000
__Lbank3                                       bank3        00000
__Lbank30                                      bank30       00000
__Lbank31                                      bank31       00000
__Lbank4                                       bank4        00000
__Lbank5                                       bank5        00000
__Lbank6                                       bank6        00000
__Lbank7                                       bank7        00000
__Lbank8                                       bank8        00000
__Lbank9                                       bank9        00000
__Lbigram                                      bigram       00000
__LbssBANK0                                    bssBANK0     00000
__LbssCOMMON                                   bssCOMMON    00000
__Lcinit                                       cinit        0002F
__Lclrtext                                     clrtext      00000
__Lcode                                        code         00000
__Lcommon                                      common       00000
__Lconfig                                      config       00000
__LcstackBANK0                                 cstackBANK0  00000
__LcstackBANK1                                 cstackBANK1  00000
__LcstackCOMMON                                cstackCOMMON 00000
__Leeprom_data                                 eeprom_data  00000
__Lend_init                                    end_init     0002D
__Lfunctab                                     functab      00000
__Linit                                        init         0002D
__Lintentry                                    intentry     00004
__Lmaintext                                    maintext     00000
__LnvBANK0                                     nvBANK0      00000
__LnvBANK1                                     nvBANK1      00000
__Lpowerup                                     powerup      00000
__Lram                                         ram          00000
__Lreset_vec                                   reset_vec    00000
__Lsfr0                                        sfr0         00000
__Lsfr1                                        sfr1         00000
__Lsfr10                                       sfr10        00000
__Lsfr11                                       sfr11        00000
__Lsfr12                                       sfr12        00000
__Lsfr13                                       sfr13        00000
__Lsfr14                                       sfr14        00000
__Lsfr15                                       sfr15        00000
__Lsfr16                                       sfr16        00000
__Lsfr17                                       sfr17        00000
__Lsfr18                                       sfr18        00000
__Lsfr19                                       sfr19        00000
__Lsfr2                                        sfr2         00000
__Lsfr20                                       sfr20        00000
__Lsfr21                                       sfr21        00000
__Lsfr22                                       sfr22        00000
__Lsfr23                                       sfr23        00000
__Lsfr24                                       sfr24        00000
__Lsfr25                                       sfr25        00000
__Lsfr26                                       sfr26        00000
__Lsfr27                                       sfr27        00000
__Lsfr28                                       sfr28        00000
__Lsfr29                                       sfr29        00000
__Lsfr3                                        sfr3         00000
__Lsfr30                                       sfr30        00000
__Lsfr31                                       sfr31        00000
__Lsfr4                                        sfr4         00000
__Lsfr5                                        sfr5         00000
__Lsfr6                                        sfr6         00000
__Lsfr7                                        sfr7         00000
__Lsfr8                                        sfr8         00000
__Lsfr9                                        sfr9         00000
__Lspace_0                                     (abs)        00000
__Lspace_1                                     (abs)        00000
__Lspace_2                                     (abs)        00000
__Lspace_3                                     (abs)        00000
__Lspace_4                                     (abs)        00000
__Lstack                                       stack        00000
__Lstrings                                     strings      00000
__Lstringtext1                                 stringtext1  00000
__Ltext                                        text         00000
__S0                                           (abs)        00412
__S1                                           (abs)        000E9
__S2                                           (abs)        00000
__S3                                           (abs)        00000
___int_sp                                      stack        00000
___latbits                                     (abs)        00002
___sp                                          stack        00000
___stackhi                                     (abs)        023EF
___stacklo                                     (abs)        02099
__end_of_EUSART_DefaultErrorHandler            text18       00411
__end_of_EUSART_DefaultFramingErrorHandler     text17       00412
__end_of_EUSART_DefaultOverrunErrorHandler     text16       0040D
__end_of_EUSART_Initialize                     text6        002EF
__end_of_EUSART_Receive_ISR                    text15       00328
__end_of_EUSART_RxDataHandler                  text19       003B9
__end_of_EUSART_SetErrorHandler                text11       00405
__end_of_EUSART_SetFramingErrorHandler         text10       003FF
__end_of_EUSART_SetOverrunErrorHandler         text9        003F9
__end_of_EUSART_SetRxInterruptHandler          text8        003F3
__end_of_EUSART_SetTxInterruptHandler          text7        003ED
__end_of_EUSART_Transmit_ISR                   text14       00398
__end_of_EUSART_Write                          text12       00352
__end_of_INTERRUPT_InterruptManager            intentry     0002D
__end_of_OSCILLATOR_Initialize                 text5        003D2
__end_of_PIN_MANAGER_Initialize                text4        00376
__end_of_PMD_Initialize                        text3        003DA
__end_of_SYSTEM_Initialize                     text1        003C9
__end_of_WDT_Initialize                        text2        00409
__end_of__initialization                       cinit        0003F
__end_of_main                                  maintext     002B0
__end_ofmain@header_g                          stringtext1  003E1
__initialization                               cinit        0002F
__pbssBANK0                                    bssBANK0     00020
__pbssCOMMON                                   bssCOMMON    00070
__pcstackBANK0                                 cstackBANK0  0002F
__pcstackBANK1                                 cstackBANK1  000A0
__pcstackCOMMON                                cstackCOMMON 00078
__pintentry                                    intentry     00004
__pmaintext                                    maintext     00043
__pnvBANK0                                     nvBANK0      0002C
__pnvBANK1                                     nvBANK1      000E1
__pstringtext1                                 stringtext1  003DA
__ptext1                                       text1        003B9
__ptext10                                      text10       003F9
__ptext11                                      text11       003FF
__ptext12                                      text12       00328
__ptext14                                      text14       00376
__ptext15                                      text15       002EF
__ptext16                                      text16       00409
__ptext17                                      text17       00411
__ptext18                                      text18       0040D
__ptext19                                      text19       00398
__ptext2                                       text2        00405
__ptext3                                       text3        003D2
__ptext4                                       text4        00352
__ptext5                                       text5        003C9
__ptext6                                       text6        002B0
__ptext7                                       text7        003E7
__ptext8                                       text8        003ED
__ptext9                                       text9        003F3
__size_of_EUSART_DefaultErrorHandler           (abs)        00000
__size_of_EUSART_DefaultFramingErrorHandler    (abs)        00000
__size_of_EUSART_DefaultOverrunErrorHandler    (abs)        00000
__size_of_EUSART_Initialize                    (abs)        00000
__size_of_EUSART_Receive_ISR                   (abs)        00000
__size_of_EUSART_RxDataHandler                 (abs)        00000
__size_of_EUSART_SetErrorHandler               (abs)        00000
__size_of_EUSART_SetFramingErrorHandler        (abs)        00000
__size_of_EUSART_SetOverrunErrorHandler        (abs)        00000
__size_of_EUSART_SetRxInterruptHandler         (abs)        00000
__size_of_EUSART_SetTxInterruptHandler         (abs)        00000
__size_of_EUSART_Transmit_ISR                  (abs)        00000
__size_of_EUSART_Write                         (abs)        00000
__size_of_INTERRUPT_InterruptManager           (abs)        00000
__size_of_OSCILLATOR_Initialize                (abs)        00000
__size_of_PIN_MANAGER_Initialize               (abs)        00000
__size_of_PMD_Initialize                       (abs)        00000
__size_of_SYSTEM_Initialize                    (abs)        00000
__size_of_WDT_Initialize                       (abs)        00000
__size_of_main                                 (abs)        00000
_dollarFlag                                    bssBANK0     0002A
_eusartRxBuffer                                bssCOMMON    00072
_eusartRxCount                                 bssCOMMON    00070
_eusartRxHead                                  bssCOMMON    00074
_eusartRxLastError                             bssBANK0     00028
_eusartRxStatusBuffer                          bssCOMMON    00071
_eusartRxTail                                  bssCOMMON    00073
_eusartTxBuffer                                bssBANK0     00020
_eusartTxBufferRemaining                       nvBANK0      0002E
_eusartTxHead                                  bssCOMMON    00076
_eusartTxTail                                  bssCOMMON    00075
_main                                          maintext     00043
_parserFlag                                    bssCOMMON    00077
_rxData                                        bssBANK0     00029
_uartFlag                                      bssBANK0     0002B
btemp                                          (abs)        0007E
clear_ram0                                     clrtext      003E1
end_of_initialization                          cinit        0003F
int$flags                                      (abs)        0007E
intlevel0                                      functab      00000
intlevel1                                      functab      00000
intlevel2                                      functab      00000
intlevel3                                      functab      00000
intlevel4                                      functab      00000
intlevel5                                      functab      00000
main@cpos                                      cstackBANK1  000D0
main@ewSize                                    cstackBANK1  000CD
main@ew_go                                     cstackBANK1  000D6
main@ewpos                                     cstackBANK1  000DA
main@fpos                                      cstackBANK1  000E0
main@g_ok                                      cstackBANK1  000D1
main@gnggaSize                                 cstackBANK1  000D7
main@header_g                                  stringtext1  003DA
main@i                                         cstackBANK1  000C2
main@i_429                                     cstackBANK1  000C4
main@i_430                                     cstackBANK1  000C6
main@i_431                                     cstackBANK1  000C8
main@i_432                                     cstackBANK1  000CA
main@latSize                                   cstackBANK1  000DB
main@lat_go                                    cstackBANK1  000D3
main@latpos                                    cstackBANK1  000DE
main@longSize                                  cstackBANK1  000DC
main@long_go                                   cstackBANK1  000D4
main@longpos                                   cstackBANK1  000DF
main@nsSize                                    cstackBANK1  000CC
main@ns_go                                     cstackBANK1  000D5
main@nspos                                     cstackBANK1  000D9
main@rx_ew                                     cstackBANK1  000CF
main@rx_gps                                    cstackBANK1  000A0
main@rx_lat                                    cstackBANK1  000AF
main@rx_long                                   cstackBANK1  000B8
main@rx_ns                                     cstackBANK1  000CE
main@rx_time                                   cstackBANK1  000A6
main@timeSize                                  cstackBANK1  000D8
main@time_go                                   cstackBANK1  000D2
main@timepos                                   cstackBANK1  000DD
reset_vec                                      reset_vec    00000
start                                          init         0002D
start_initialization                           cinit        0002F
wtemp0                                         (abs)        0007E


MODULE INFORMATION

Module		Function		Class		Link	Load	Size
mcc_generated_files/interrupt_manager.c
		_INTERRUPT_InterruptManager		CODE           	0004	0000	41

mcc_generated_files/interrupt_manager.c estimated size: 41

mcc_generated_files/pin_manager.c
		_PIN_MANAGER_Initialize		CODE           	0352	0000	36

mcc_generated_files/pin_manager.c estimated size: 36

shared
		main@header_g  		STRCODE        	03DA	0000	7
		__initialization		CODE           	002F	0000	16

shared estimated size: 23

mcc_generated_files/mcc.c
		_WDT_Initialize		CODE           	0405	0000	4
		_PMD_Initialize		CODE           	03D2	0000	8
		_OSCILLATOR_Initialize		CODE           	03C9	0000	9
		_SYSTEM_Initialize		CODE           	03B9	0000	16

mcc_generated_files/mcc.c estimated size: 37

mcc_generated_files/eusart.c
		_EUSART_SetRxInterruptHandler		CODE           	03ED	0000	6
		_EUSART_SetTxInterruptHandler		CODE           	03E7	0000	6
		_EUSART_DefaultOverrunErrorHandler		CODE           	0409	0000	4
		_EUSART_Write  		CODE           	0328	0000	42
		_EUSART_DefaultErrorHandler		CODE           	040D	0000	4
		_EUSART_Transmit_ISR		CODE           	0376	0000	34
		_EUSART_Initialize		CODE           	02B0	0000	63
		_EUSART_SetFramingErrorHandler		CODE           	03F9	0000	6
		_EUSART_SetErrorHandler		CODE           	03FF	0000	6
		_EUSART_SetOverrunErrorHandler		CODE           	03F3	0000	6
		_EUSART_Receive_ISR		CODE           	02EF	0000	57
		_EUSART_RxDataHandler		CODE           	0398	0000	33
		_EUSART_DefaultFramingErrorHandler		CODE           	0411	0000	1

mcc_generated_files/eusart.c estimated size: 268

main.c
		_main          		CODE           	0043	0000	621

main.c estimated size: 621

